Archive member included because of file (symbol)

/home/xvilajosana/Storage/Development/wsndev/workspaces/workspace_lpc1769/FreeRTOS_Library/Debug/libFreeRTOS_Library.a(queue.o)
                              ./main.o (xQueueCreate)
/home/xvilajosana/Storage/Development/wsndev/workspaces/workspace_lpc1769/FreeRTOS_Library/Debug/libFreeRTOS_Library.a(tasks.o)
                              ./main.o (xTaskGenericCreate)
/home/xvilajosana/Storage/Development/wsndev/workspaces/workspace_lpc1769/FreeRTOS_Library/Debug/libFreeRTOS_Library.a(heap_2.o)
                              /home/xvilajosana/Storage/Development/wsndev/workspaces/workspace_lpc1769/FreeRTOS_Library/Debug/libFreeRTOS_Library.a(queue.o) (pvPortMalloc)
/home/xvilajosana/Storage/Development/wsndev/workspaces/workspace_lpc1769/FreeRTOS_Library/Debug/libFreeRTOS_Library.a(port.o)
                              /home/xvilajosana/Storage/Development/wsndev/workspaces/workspace_lpc1769/FreeRTOS_Library/Debug/libFreeRTOS_Library.a(tasks.o) (pxPortInitialiseStack)
/home/xvilajosana/Storage/Development/wsndev/workspaces/workspace_lpc1769/FreeRTOS_Library/Debug/libFreeRTOS_Library.a(list.o)
                              /home/xvilajosana/Storage/Development/wsndev/workspaces/workspace_lpc1769/FreeRTOS_Library/Debug/libFreeRTOS_Library.a(queue.o) (vListInitialise)
/home/xvilajosana/Storage/Development/wsndev/workspaces/workspace_lpc1769/CMSISv2p00_LPC17xx/Debug/libCMSISv2p00_LPC17xx.a(system_LPC17xx.o)
                              ./board.o (SystemInit)
/home/xvilajosana/Storage/Development/wsndev/LPCXpresso/lpcxpresso/tools/bin/../lib/gcc/arm-none-eabi/4.5.1/../../../../arm-none-eabi/lib/thumb2/libcr_nohost.a(_cr__main.o)
                              ./cr_startup_lpc17.o (__main)
/home/xvilajosana/Storage/Development/wsndev/LPCXpresso/lpcxpresso/tools/bin/../lib/gcc/arm-none-eabi/4.5.1/../../../../arm-none-eabi/lib/thumb2/libcr_c.a(initio.o)
                              /home/xvilajosana/Storage/Development/wsndev/LPCXpresso/lpcxpresso/tools/bin/../lib/gcc/arm-none-eabi/4.5.1/../../../../arm-none-eabi/lib/thumb2/libcr_nohost.a(_cr__main.o) (_initio)
/home/xvilajosana/Storage/Development/wsndev/LPCXpresso/lpcxpresso/tools/bin/../lib/gcc/arm-none-eabi/4.5.1/../../../../arm-none-eabi/lib/thumb2/libcr_c.a(setvbuf.o)
                              /home/xvilajosana/Storage/Development/wsndev/LPCXpresso/lpcxpresso/tools/bin/../lib/gcc/arm-none-eabi/4.5.1/../../../../arm-none-eabi/lib/thumb2/libcr_c.a(initio.o) (setvbuf)
/home/xvilajosana/Storage/Development/wsndev/LPCXpresso/lpcxpresso/tools/bin/../lib/gcc/arm-none-eabi/4.5.1/../../../../arm-none-eabi/lib/thumb2/libcr_c.a(stdio.o)
                              /home/xvilajosana/Storage/Development/wsndev/LPCXpresso/lpcxpresso/tools/bin/../lib/gcc/arm-none-eabi/4.5.1/../../../../arm-none-eabi/lib/thumb2/libcr_c.a(initio.o) (__Ciob)
/home/xvilajosana/Storage/Development/wsndev/LPCXpresso/lpcxpresso/tools/bin/../lib/gcc/arm-none-eabi/4.5.1/../../../../arm-none-eabi/lib/thumb2/libcr_c.a(strncpy.o)
                              /home/xvilajosana/Storage/Development/wsndev/workspaces/workspace_lpc1769/FreeRTOS_Library/Debug/libFreeRTOS_Library.a(tasks.o) (strncpy)
/home/xvilajosana/Storage/Development/wsndev/LPCXpresso/lpcxpresso/tools/bin/../lib/gcc/arm-none-eabi/4.5.1/../../../../arm-none-eabi/lib/thumb2/libcr_c.a(memcpy.o)
                              /home/xvilajosana/Storage/Development/wsndev/workspaces/workspace_lpc1769/FreeRTOS_Library/Debug/libFreeRTOS_Library.a(queue.o) (memcpy)
/home/xvilajosana/Storage/Development/wsndev/LPCXpresso/lpcxpresso/tools/bin/../lib/gcc/arm-none-eabi/4.5.1/../../../../arm-none-eabi/lib/thumb2/libcr_c.a(memset.o)
                              /home/xvilajosana/Storage/Development/wsndev/workspaces/workspace_lpc1769/FreeRTOS_Library/Debug/libFreeRTOS_Library.a(tasks.o) (memset)
/home/xvilajosana/Storage/Development/wsndev/LPCXpresso/lpcxpresso/tools/bin/../lib/gcc/arm-none-eabi/4.5.1/../../../../arm-none-eabi/lib/thumb2/libcr_c.a(__fillbuf.o)
                              /home/xvilajosana/Storage/Development/wsndev/LPCXpresso/lpcxpresso/tools/bin/../lib/gcc/arm-none-eabi/4.5.1/../../../../arm-none-eabi/lib/thumb2/libcr_c.a(stdio.o) (__filbuf)
/home/xvilajosana/Storage/Development/wsndev/LPCXpresso/lpcxpresso/tools/bin/../lib/gcc/arm-none-eabi/4.5.1/../../../../arm-none-eabi/lib/thumb2/libcr_c.a(_deferredlazyseek.o)
                              /home/xvilajosana/Storage/Development/wsndev/LPCXpresso/lpcxpresso/tools/bin/../lib/gcc/arm-none-eabi/4.5.1/../../../../arm-none-eabi/lib/thumb2/libcr_c.a(__fillbuf.o) (_deferredlazyseek)
/home/xvilajosana/Storage/Development/wsndev/LPCXpresso/lpcxpresso/tools/bin/../lib/gcc/arm-none-eabi/4.5.1/../../../../arm-none-eabi/lib/thumb2/libcr_c.a(_fdopen.o)
[...]
Memory Configuration

Name             Origin             Length             Attributes
MFlash512        0x00000000         0x00080000         xr
RamLoc32         0x10000000         0x00008000         xrw
RamAHB32         0x2007c000         0x00008000         xrw
*default*        0x00000000         0xffffffff

Linker script and memory map

LOAD ./board.o
LOAD ./cr_startup_lpc17.o
LOAD ./leds.o
LOAD ./main.o
LOAD ./timer.o
LOAD /home/xvilajosana/Storage/Development/wsndev/workspaces/workspace_lpc1769/FreeRTOS_Library/Debug/libFreeRTOS_Library.a
LOAD /home/xvilajosana/Storage/Development/wsndev/workspaces/workspace_lpc1769/CMSISv2p00_LPC17xx/Debug/libCMSISv2p00_LPC17xx.a
START GROUP
LOAD /home/xvilajosana/Storage/Development/wsndev/LPCXpresso/lpcxpresso/tools/bin/../lib/gcc/arm-none-eabi/4.5.1/../../../../arm-none-eabi/lib/thumb2/libcr_nohost.a
LOAD /home/xvilajosana/Storage/Development/wsndev/LPCXpresso/lpcxpresso/tools/bin/../lib/gcc/arm-none-eabi/4.5.1/../../../../arm-none-eabi/lib/thumb2/libcr_c.a
LOAD /home/xvilajosana/Storage/Development/wsndev/LPCXpresso/lpcxpresso/tools/bin/../lib/gcc/arm-none-eabi/4.5.1/thumb2/libcr_eabihelpers.a
END GROUP
                0x00080000                __top_MFlash512 = 0x80000
                0x10008000                __top_RamLoc32 = 0x10008000
                0x20084000                __top_RamAHB32 = 0x20084000

.text           0x00000000     0x24a0
 FILL mask 0xff
 *(.isr_vector)
 .isr_vector    0x00000000       0xcc ./cr_startup_lpc17.o
                0x00000000                g_pfnVectors
                0x000000cc                . = ALIGN (0x4)
                0x000000cc                __section_table_start = .
                0x000000cc                __data_section_table = .
                0x000000cc        0x4 LONG 0x24a0 LOADADDR (.data)
                0x000000d0        0x4 LONG 0x10000000 ADDR (.data)
                0x000000d4        0x4 LONG 0xc SIZEOF (.data)
                0x000000d8        0x4 LONG 0x24a0 LOADADDR (.data_RAM2)
                0x000000dc        0x4 LONG 0x2007c000 ADDR (.data_RAM2)
                0x000000e0        0x4 LONG 0x0 SIZEOF (.data_RAM2)
                0x000000e4                __data_section_table_end = .
                0x000000e4                __bss_section_table = .
                0x000000e4        0x4 LONG 0x10000010 ADDR (.bss)
                0x000000e8        0x4 LONG 0xa70 SIZEOF (.bss)
                0x000000ec        0x4 LONG 0x2007c000 ADDR (.bss_RAM2)
                0x000000f0        0x4 LONG 0x0 SIZEOF (.bss_RAM2)
                0x000000f4                __bss_section_table_end = .
                0x000000f4                __section_table_end = .
 *(.after_vectors*)
 *(.text*)
 .text.ResetISR
                0x000000f4       0x68 ./cr_startup_lpc17.o
                0x000000f4                ResetISR
 .text.NMI_Handler
                0x0000015c        0x8 ./cr_startup_lpc17.o
                0x0000015c                NMI_Handler
 .text.HardFault_Handler
                0x00000164        0x8 ./cr_startup_lpc17.o
                0x00000164                HardFault_Handler
 .text.MemManage_Handler
                0x0000016c        0x8 ./cr_startup_lpc17.o
                0x0000016c                MemManage_Handler
 .text.BusFault_Handler
                0x00000174        0x8 ./cr_startup_lpc17.o
                0x00000174                BusFault_Handler
 .text.UsageFault_Handler
                0x0000017c        0x8 ./cr_startup_lpc17.o
                0x0000017c                UsageFault_Handler
 .text.DebugMon_Handler
                0x00000184        0x8 ./cr_startup_lpc17.o
                0x00000184                DebugMon_Handler
 .text.IntDefaultHandler
                0x0000018c        0x8 ./cr_startup_lpc17.o
                0x0000018c                TIMER2_IRQHandler
                0x0000018c                RIT_IRQHandler
                0x0000018c                I2C0_IRQHandler
                0x0000018c                USBActivity_IRQHandler
                0x0000018c                PWM1_IRQHandler
                0x0000018c                I2C1_IRQHandler
                0x0000018c                EINT2_IRQHandler
                0x0000018c                UART1_IRQHandler
                0x0000018c                EINT3_IRQHandler
                0x0000018c                CANActivity_IRQHandler
                0x0000018c                TIMER3_IRQHandler
                0x0000018c                UART0_IRQHandler
                0x0000018c                IntDefaultHandler
                0x0000018c                PLL0_IRQHandler
                0x0000018c                CAN_IRQHandler
                0x0000018c                PLL1_IRQHandler
                0x0000018c                SSP0_IRQHandler
                0x0000018c                I2S_IRQHandler
                0x0000018c                I2C2_IRQHandler
                0x0000018c                RTC_IRQHandler
                0x0000018c                SPI_IRQHandler
                0x0000018c                EINT1_IRQHandler
                0x0000018c                UART2_IRQHandler
                0x0000018c                ADC_IRQHandler
                0x0000018c                SSP1_IRQHandler
                0x0000018c                USB_IRQHandler
                0x0000018c                BOD_IRQHandler
                0x0000018c                WDT_IRQHandler
                0x0000018c                QEI_IRQHandler
                0x0000018c                EINT0_IRQHandler
                0x0000018c                DMA_IRQHandler
                0x0000018c                UART3_IRQHandler
                0x0000018c                MCPWM_IRQHandler
                0x0000018c                ENET_IRQHandler
 .text.leds_init
                0x00000194       0x3c ./leds.o
                0x00000194                leds_init
 .text.private_led_toggle
                0x000001d0       0x58 ./leds.o
 .text.led_all_toggle
                0x00000228       0x10 ./leds.o
                0x00000228                led_all_toggle
 .text.main     0x00000238       0xa0 ./main.o
                0x00000238                main
 .text.prvQueueSendTask
                0x000002d8       0x44 ./main.o
 .text.prvQueueReceiveTask
                0x0000031c       0x84 ./main.o
 .text.NVIC_EnableIRQ
                0x000003a0       0x38 ./timer.o
 .text.timer_init
                0x000003d8       0x2c ./timer.o
                0x000003d8                timer_init
 .text.timer_set_compare
                0x00000404       0xd4 ./timer.o
                0x00000404                timer_set_compare
 .text.timer_enable
                0x000004d8       0x6c ./timer.o
                0x000004d8                timer_enable
 .text.timer_disable
                0x00000544       0x6c ./timer.o
                0x00000544                timer_disable
 .text.TIMER0_IRQHandler
                0x000005b0       0x98 ./timer.o
                0x000005b0                TIMER0_IRQHandler
 .text.TIMER1_IRQHandler
                0x00000648       0x98 ./timer.o
                0x00000648                TIMER1_IRQHandler
 .text.private_prepareTimer0
                0x000006e0       0xdc ./timer.o
 .text          0x000007bc      0x4dc /home/xvilajosana/Storage/Development/wsndev/workspaces/workspace_lpc1769/FreeRTOS_Library/Debug/libFreeRTOS_Library.a(queue.o)
                0x000008c4                xQueueCreate
                0x00000930                xQueueCreateCountingSemaphore
                0x00000948                xQueueGenericSend
                0x00000a2c                xQueueCreateMutex
                0x00000a78                xQueueGenericSendFromISR
                0x00000ad4                xQueueGenericReceive
                0x00000bf0                xQueueReceiveFromISR
                0x00000c50                uxQueueMessagesWaiting
                0x00000c64                uxQueueMessagesWaitingFromISR
                0x00000c68                vQueueDelete
                0x00000c7c                xQueueIsQueueEmptyFromISR
                0x00000c88                xQueueIsQueueFullFromISR
 .text          0x00000c98      0xc38 /home/xvilajosana/Storage/Development/wsndev/workspaces/workspace_lpc1769/FreeRTOS_Library/Debug/libFreeRTOS_Library.a(tasks.o)
                0x00000c98                xTaskGenericCreate
                0x00000e98                vTaskDelete
                0x00000f14                uxTaskPriorityGet
                0x00000f34                vTaskPrioritySet
                0x00000fe8                xTaskIsTaskSuspended
                0x00001014                vTaskResume
                0x00001090                xTaskResumeFromISR
                0x00001110                vTaskStartScheduler
                0x00001164                vTaskEndScheduler
                0x00001184                vTaskSuspendAll
                0x0000119c                xTaskGetTickCount
                0x000011b8                xTaskGetTickCountFromISR
                0x000011c8                uxTaskGetNumberOfTasks
                0x000011d4                vTaskIncrementTick
                0x0000129c                xTaskResumeAll
                0x00001414                vTaskDelay
                0x0000146c                vTaskDelayUntil
                0x00001508                vTaskSwitchContext
                0x000015bc                vTaskSuspend
                0x00001648                vTaskPlaceOnEventList
                0x000016b4                xTaskRemoveFromEventList
                0x0000173c                vTaskSetTimeOutState
                0x00001754                xTaskCheckForTimeOut
                0x000017d0                vTaskMissedYield
                0x000017e4                xTaskGetCurrentTaskHandle
                0x000017f0                vTaskPriorityInherit
                0x0000187c                vTaskPriorityDisinherit
 .text          0x000018d0      0x130 /home/xvilajosana/Storage/Development/wsndev/workspaces/workspace_lpc1769/FreeRTOS_Library/Debug/libFreeRTOS_Library.a(heap_2.o)
                0x000018d0                pvPortMalloc
                0x000019b0                vPortFree
                0x000019f0                xPortGetFreeHeapSize
                0x000019fc                vPortInitialiseBlocks
 .text          0x00001a00      0x174 /home/xvilajosana/Storage/Development/wsndev/workspaces/workspace_lpc1769/FreeRTOS_Library/Debug/libFreeRTOS_Library.a(port.o)
                0x00001a00                pxPortInitialiseStack
                0x00001a2c                vPortSVCHandler
                0x00001a4c                vPortStartFirstTask
                0x00001a58                xPortStartScheduler
                0x00001ac0                vPortEndScheduler
                0x00001ac4                vPortYieldFromISR
                0x00001ad4                vPortEnterCritical
                0x00001af0                vPortExitCritical
                0x00001b0c                xPortPendSVHandler
                0x00001b48                xPortSysTickHandler
 .text          0x00001b74       0xa4 /home/xvilajosana/Storage/Development/wsndev/workspaces/workspace_lpc1769/FreeRTOS_Library/Debug/libFreeRTOS_Library.a(list.o)
                0x00001b74                vListInitialise
                0x00001b8c                vListInitialiseItem
                0x00001b94                vListInsertEnd
                0x00001bb4                vListInsert
                0x00001bf0                vListRemove
 .text.SystemInit
                0x00001c18       0xe4 /home/xvilajosana/Storage/Development/wsndev/workspaces/workspace_lpc1769/CMSISv2p00_LPC17xx/Debug/libCMSISv2p00_LPC17xx.a(system_LPC17xx.o)
                0x00001c18                SystemInit
 .text.__main   0x00001cfc       0x14 /home/xvilajosana/Storage/Development/wsndev/LPCXpresso/lpcxpresso/tools/bin/../lib/gcc/arm-none-eabi/4.5.1/../../../../arm-none-eabi/lib/thumb2/libcr_nohost.a(_cr__main.o)
                0x00001cfc                __main
 .text._initio  0x00001d10       0x9c /home/xvilajosana/Storage/Development/wsndev/LPCXpresso/lpcxpresso/tools/bin/../lib/gcc/arm-none-eabi/4.5.1/../../../../arm-none-eabi/lib/thumb2/libcr_c.a(initio.o)
                0x00001d10                _initio
 .text.setvbuf  0x00001dac       0x48 /home/xvilajosana/Storage/Development/wsndev/LPCXpresso/lpcxpresso/tools/bin/../lib/gcc/arm-none-eabi/4.5.1/../../../../arm-none-eabi/lib/thumb2/libcr_c.a(setvbuf.o)
                0x00001dac                setvbuf
 .text.strncpy  0x00001df4       0x58 /home/xvilajosana/Storage/Development/wsndev/LPCXpresso/lpcxpresso/tools/bin/../lib/gcc/arm-none-eabi/4.5.1/../../../../arm-none-eabi/lib/thumb2/libcr_c.a(strncpy.o)
                0x00001df4                strncpy
 .text.memcpy   0x00001e4c        0x4 /home/xvilajosana/Storage/Development/wsndev/LPCXpresso/lpcxpresso/tools/bin/../lib/gcc/arm-none-eabi/4.5.1/../../../../arm-none-eabi/lib/thumb2/libcr_c.a(memcpy.o)
                0x00001e4c                memcpy
 .text.memset   0x00001e50        0x4 /home/xvilajosana/Storage/Development/wsndev/LPCXpresso/lpcxpresso/tools/bin/../lib/gcc/arm-none-eabi/4.5.1/../../../../arm-none-eabi/lib/thumb2/libcr_c.a(memset.o)
                0x00001e50                memset
 .text._deferredlazyseek
                0x00001e54       0x44 /home/xvilajosana/Storage/Development/wsndev/LPCXpresso/lpcxpresso/tools/bin/../lib/gcc/arm-none-eabi/4.5.1/../../../../arm-none-eabi/lib/thumb2/libcr_c.a(_deferredlazyseek.o)
                0x00001e54                _deferredlazyseek
 .text._fdopen  0x00001e98       0x6e /home/xvilajosana/Storage/Development/wsndev/LPCXpresso/lpcxpresso/tools/bin/../lib/gcc/arm-none-eabi/4.5.1/../../../../arm-none-eabi/lib/thumb2/libcr_c.a(_fdopen.o)
                0x00001e98                _fdopen
 .text._fflush  0x00001f06       0x58 /home/xvilajosana/Storage/Development/wsndev/LPCXpresso/lpcxpresso/tools/bin/../lib/gcc/arm-none-eabi/4.5.1/../../../../arm-none-eabi/lib/thumb2/libcr_c.a(_fflush.o)
                0x00001f06                _fflush
 *fill*         0x00001f5e        0x2 00
 .text._Cwritebuf
                0x00001f60       0x88 /home/xvilajosana/Storage/Development/wsndev/LPCXpresso/lpcxpresso/tools/bin/../lib/gcc/arm-none-eabi/4.5.1/../../../../arm-none-eabi/lib/thumb2/libcr_c.a(_writebuf.o)
                0x00001f60                _Cwritebuf
 .text.malloc   0x00001fe8       0xd0 /home/xvilajosana/Storage/Development/wsndev/LPCXpresso/lpcxpresso/tools/bin/../lib/gcc/arm-none-eabi/4.5.1/../../../../arm-none-eabi/lib/thumb2/libcr_c.a(alloc.o)
                0x00001fe8                malloc
 .text.free     0x000020b8        0xa /home/xvilajosana/Storage/Development/wsndev/LPCXpresso/lpcxpresso/tools/bin/../lib/gcc/arm-none-eabi/4.5.1/../../../../arm-none-eabi/lib/thumb2/libcr_c.a(alloc.o)
                0x000020b8                free
 *fill*         0x000020c2        0x2 00
 .text._Csys_alloc
                0x000020c4       0x20 /home/xvilajosana/Storage/Development/wsndev/LPCXpresso/lpcxpresso/tools/bin/../lib/gcc/arm-none-eabi/4.5.1/../../../../arm-none-eabi/lib/thumb2/libcr_c.a(alloc.o)
                0x000020c4                _Csys_alloc
 .text.fclose   0x000020e4       0x72 /home/xvilajosana/Storage/Development/wsndev/LPCXpresso/lpcxpresso/tools/bin/../lib/gcc/arm-none-eabi/4.5.1/../../../../arm-none-eabi/lib/thumb2/libcr_c.a(fclose.o)
                0x000020e4                fclose
 *fill*         0x00002156        0x2 00
 .text.fflush   0x00002158       0x34 /home/xvilajosana/Storage/Development/wsndev/LPCXpresso/lpcxpresso/tools/bin/../lib/gcc/arm-none-eabi/4.5.1/../../../../arm-none-eabi/lib/thumb2/libcr_c.a(fflush.o)
                0x00002158                fflush
 .text.fseek    0x0000218c      0x110 /home/xvilajosana/Storage/Development/wsndev/LPCXpresso/lpcxpresso/tools/bin/../lib/gcc/arm-none-eabi/4.5.1/../../../../arm-none-eabi/lib/thumb2/libcr_c.a(fseek.o)
                0x0000218c                fseek
 .text.ftell    0x0000229c       0x50 /home/xvilajosana/Storage/Development/wsndev/LPCXpresso/lpcxpresso/tools/bin/../lib/gcc/arm-none-eabi/4.5.1/../../../../arm-none-eabi/lib/thumb2/libcr_c.a(ftell.o)
                0x0000229c                ftell
 .text.remove   0x000022ec       0x14 /home/xvilajosana/Storage/Development/wsndev/LPCXpresso/lpcxpresso/tools/bin/../lib/gcc/arm-none-eabi/4.5.1/../../../../arm-none-eabi/lib/thumb2/libcr_c.a(remove.o)
                0x000022ec                remove
 .text.strlen   0x00002300       0x4e /home/xvilajosana/Storage/Development/wsndev/LPCXpresso/lpcxpresso/tools/bin/../lib/gcc/arm-none-eabi/4.5.1/../../../../arm-none-eabi/lib/thumb2/libcr_c.a(strlen.o)
                0x00002300                strlen
 .text._do_fflush
                0x0000234e       0x44 /home/xvilajosana/Storage/Development/wsndev/LPCXpresso/lpcxpresso/tools/bin/../lib/gcc/arm-none-eabi/4.5.1/../../../../arm-none-eabi/lib/thumb2/libcr_c.a(_do_fflush.o)
                0x0000234e                _do_fflush
 .text.__aeabi_memcpy
                0x00002392       0x26 /home/xvilajosana/Storage/Development/wsndev/LPCXpresso/lpcxpresso/tools/bin/../lib/gcc/arm-none-eabi/4.5.1/thumb2/libcr_eabihelpers.a(memcpy.o)
                0x00002392                __aeabi_memcpy
                0x00002392                __aeabi_memcpy4
                0x00002392                __aeabi_memcpy8
 .text.__aeabi_memset_lowlevel
                0x000023b8       0x24 /home/xvilajosana/Storage/Development/wsndev/LPCXpresso/lpcxpresso/tools/bin/../lib/gcc/arm-none-eabi/4.5.1/thumb2/libcr_eabihelpers.a(memcpy.o)
                0x000023b8                __aeabi_lowlevel_memset
 .text.__sys_appexit
                0x000023dc        0x2 /home/xvilajosana/Storage/Development/wsndev/LPCXpresso/lpcxpresso/tools/bin/../lib/gcc/arm-none-eabi/4.5.1/../../../../arm-none-eabi/lib/thumb2/libcr_nohost.a(__sys_appexit.o)
                0x000023dc                __exit
                0x000023dc                __sys_appexit
 .text.__sys_close
                0x000023de        0x6 /home/xvilajosana/Storage/Development/wsndev/LPCXpresso/lpcxpresso/tools/bin/../lib/gcc/arm-none-eabi/4.5.1/../../../../arm-none-eabi/lib/thumb2/libcr_nohost.a(__sys_close.o)
                0x000023de                __sys_close
 .text.__sys_flen
                0x000023e4        0x6 /home/xvilajosana/Storage/Development/wsndev/LPCXpresso/lpcxpresso/tools/bin/../lib/gcc/arm-none-eabi/4.5.1/../../../../arm-none-eabi/lib/thumb2/libcr_nohost.a(__sys_flen.o)
                0x000023e4                __sys_flen
 .text.__sys_istty
                0x000023ea        0x6 /home/xvilajosana/Storage/Development/wsndev/LPCXpresso/lpcxpresso/tools/bin/../lib/gcc/arm-none-eabi/4.5.1/../../../../arm-none-eabi/lib/thumb2/libcr_nohost.a(__sys_istty.o)
                0x000023ea                __sys_istty
 .text.__sys_remove
                0x000023f0        0x6 /home/xvilajosana/Storage/Development/wsndev/LPCXpresso/lpcxpresso/tools/bin/../lib/gcc/arm-none-eabi/4.5.1/../../../../arm-none-eabi/lib/thumb2/libcr_nohost.a(__sys_remove.o)
                0x000023f0                __sys_remove
 .text.__sys_seek
                0x000023f6        0x6 /home/xvilajosana/Storage/Development/wsndev/LPCXpresso/lpcxpresso/tools/bin/../lib/gcc/arm-none-eabi/4.5.1/../../../../arm-none-eabi/lib/thumb2/libcr_nohost.a(__sys_seek.o)
                0x000023f6                __sys_seek
 .text.__sys_tmpnam
                0x000023fc        0x6 /home/xvilajosana/Storage/Development/wsndev/LPCXpresso/lpcxpresso/tools/bin/../lib/gcc/arm-none-eabi/4.5.1/../../../../arm-none-eabi/lib/thumb2/libcr_nohost.a(__sys_tmpnam.o)
                0x000023fc                __sys_tmpnam
 .text.__sys_write
                0x00002402        0x4 /home/xvilajosana/Storage/Development/wsndev/LPCXpresso/lpcxpresso/tools/bin/../lib/gcc/arm-none-eabi/4.5.1/../../../../arm-none-eabi/lib/thumb2/libcr_nohost.a(__sys_write.o)
                0x00002402                __write
                0x00002402                __sys_write
 *fill*         0x00002406        0x2 00
 .text._sbrk    0x00002408       0x40 /home/xvilajosana/Storage/Development/wsndev/LPCXpresso/lpcxpresso/tools/bin/../lib/gcc/arm-none-eabi/4.5.1/../../../../arm-none-eabi/lib/thumb2/libcr_nohost.a(_cr_sbrk.o)
                0x00002408                _sbrk
 .text.__check_heap_overflow
                0x00002448       0x2c /home/xvilajosana/Storage/Development/wsndev/LPCXpresso/lpcxpresso/tools/bin/../lib/gcc/arm-none-eabi/4.5.1/../../../../arm-none-eabi/lib/thumb2/libcr_nohost.a(_cr_check_heap.o)
                0x00002448                __check_heap_overflow
 *(.rodata .rodata.*)
 .rodata        0x00002474        0x8 ./main.o
 .rodata.str1.4
                0x0000247c        0x8 /home/xvilajosana/Storage/Development/wsndev/workspaces/workspace_lpc1769/FreeRTOS_Library/Debug/libFreeRTOS_Library.a(tasks.o)
 .rodata.str1.1
                0x00002484        0x4 /home/xvilajosana/Storage/Development/wsndev/LPCXpresso/lpcxpresso/tools/bin/../lib/gcc/arm-none-eabi/4.5.1/../../../../arm-none-eabi/lib/thumb2/libcr_c.a(initio.o)
 .rodata.str1.1
                0x00002488       0x18 /home/xvilajosana/Storage/Development/wsndev/LPCXpresso/lpcxpresso/tools/bin/../lib/gcc/arm-none-eabi/4.5.1/../../../../arm-none-eabi/lib/thumb2/libcr_c.a(alloc.o)
                0x000024a0                . = ALIGN (0x4)

.glue_7         0x000024a0        0x0
 .glue_7        0x00000000        0x0 linker stubs

.glue_7t        0x000024a0        0x0
 .glue_7t       0x00000000        0x0 linker stubs

.vfp11_veneer   0x000024a0        0x0
 .vfp11_veneer  0x00000000        0x0 linker stubs

.v4_bx          0x000024a0        0x0
 .v4_bx         0x00000000        0x0 linker stubs

.ARM.extab
 *(.ARM.extab* .gnu.linkonce.armextab.*)
                0x000024a0                __exidx_start = .

.ARM.exidx
 *(.ARM.exidx* .gnu.linkonce.armexidx.*)
                0x000024a0                __exidx_end = .
                0x000024a0                _etext = .

.data_RAM2      0x2007c000        0x0 load address 0x000024a0
 FILL mask 0xff
 *(.data.$RAM2*)
 *(.data.$RamAHB32*)
                0x2007c000                . = ALIGN (0x4)

.uninit_RESERVED
 *(.bss.$RESERVED*)

.data           0x10000000        0xc load address 0x000024a0
 FILL mask 0xff
                0x10000000                _data = .
 *(vtable)
 *(.data*)
 .data          0x10000000        0x4 /home/xvilajosana/Storage/Development/wsndev/workspaces/workspace_lpc1769/FreeRTOS_Library/Debug/libFreeRTOS_Library.a(heap_2.o)
 .data          0x10000004        0x4 /home/xvilajosana/Storage/Development/wsndev/workspaces/workspace_lpc1769/FreeRTOS_Library/Debug/libFreeRTOS_Library.a(port.o)
 .data.SystemCoreClock
                0x10000008        0x4 /home/xvilajosana/Storage/Development/wsndev/workspaces/workspace_lpc1769/CMSISv2p00_LPC17xx/Debug/libCMSISv2p00_LPC17xx.a(system_LPC17xx.o)
                0x10000008                SystemCoreClock
                0x1000000c                . = ALIGN (0x4)
                0x1000000c                _edata = .

.bss_RAM2       0x2007c000        0x0
 *(.bss.$RAM2*)
 *(.bss.$RamAHB32*)
                0x2007c000                . = ALIGN (0x4)

.bss            0x10000010      0xa70
                0x10000010                _bss = .
 *(.bss*)
 .bss           0x10000010        0x4 ./main.o
 .bss           0x10000014      0x100 /home/xvilajosana/Storage/Development/wsndev/workspaces/workspace_lpc1769/FreeRTOS_Library/Debug/libFreeRTOS_Library.a(tasks.o)
                0x10000018                pxCurrentTCB
 *fill*         0x10000114        0x4 00
 .bss           0x10000118      0x818 /home/xvilajosana/Storage/Development/wsndev/workspaces/workspace_lpc1769/FreeRTOS_Library/Debug/libFreeRTOS_Library.a(heap_2.o)
 .bss.errno     0x10000930        0x4 /home/xvilajosana/Storage/Development/wsndev/LPCXpresso/lpcxpresso/tools/bin/../lib/gcc/arm-none-eabi/4.5.1/../../../../arm-none-eabi/lib/thumb2/libcr_c.a(errno.o)
                0x10000930                errno
 *(COMMON)
 COMMON         0x10000934        0x4 /home/xvilajosana/Storage/Development/wsndev/LPCXpresso/lpcxpresso/tools/bin/../lib/gcc/arm-none-eabi/4.5.1/../../../../arm-none-eabi/lib/thumb2/libcr_c.a(initio.o)
                0x10000934                _extra
 COMMON         0x10000938      0x140 /home/xvilajosana/Storage/Development/wsndev/LPCXpresso/lpcxpresso/tools/bin/../lib/gcc/arm-none-eabi/4.5.1/../../../../arm-none-eabi/lib/thumb2/libcr_c.a(stdio.o)
                0x10000938                __Ciob
 COMMON         0x10000a78        0x8 /home/xvilajosana/Storage/Development/wsndev/LPCXpresso/lpcxpresso/tools/bin/../lib/gcc/arm-none-eabi/4.5.1/../../../../arm-none-eabi/lib/thumb2/libcr_c.a(__init_alloc.o)
                0x10000a78                __heaps
                0x10000a7c                __end_of_heap
                0x10000a80                . = ALIGN (0x4)
                0x10000a80                _ebss = .
                0x10000a80                PROVIDE (end, .)
                0x10000a80                PROVIDE (_pvHeapStart, .)
                0x10008000                PROVIDE (_vStackTop, (__top_RamLoc32 - 0x0))
OUTPUT(SimpleDemo.axf elf32-littlearm)

.debug_abbrev   0x00000000      0xd1f
 .debug_abbrev  0x00000000       0x61 ./board.o
 .debug_abbrev  0x00000061       0xb4 ./cr_startup_lpc17.o
 .debug_abbrev  0x00000115       0xf1 ./leds.o
 .debug_abbrev  0x00000206       0xbe ./main.o
 .debug_abbrev  0x000002c4      0x193 ./timer.o
 .debug_abbrev  0x00000457      0x1b3 /home/xvilajosana/Storage/Development/wsndev/workspaces/workspace_lpc1769/FreeRTOS_Library/Debug/libFreeRTOS_Library.a(queue.o)
 .debug_abbrev  0x0000060a      0x285 /home/xvilajosana/Storage/Development/wsndev/workspaces/workspace_lpc1769/FreeRTOS_Library/Debug/libFreeRTOS_Library.a(tasks.o)
 .debug_abbrev  0x0000088f      0x19a /home/xvilajosana/Storage/Development/wsndev/workspaces/workspace_lpc1769/FreeRTOS_Library/Debug/libFreeRTOS_Library.a(heap_2.o)
 .debug_abbrev  0x00000a29      0x139 /home/xvilajosana/Storage/Development/wsndev/workspaces/workspace_lpc1769/FreeRTOS_Library/Debug/libFreeRTOS_Library.a(port.o)
 .debug_abbrev  0x00000b62       0xda /home/xvilajosana/Storage/Development/wsndev/workspaces/workspace_lpc1769/FreeRTOS_Library/Debug/libFreeRTOS_Library.a(list.o)
 .debug_abbrev  0x00000c3c       0xe3 /home/xvilajosana/Storage/Development/wsndev/workspaces/workspace_lpc1769/CMSISv2p00_LPC17xx/Debug/libCMSISv2p00_LPC17xx.a(system_LPC17xx.o)

.debug_info     0x00000000     0x3589
 .debug_info    0x00000000       0x71 ./board.o
 .debug_info    0x00000071      0x210 ./cr_startup_lpc17.o
 .debug_info    0x00000281      0x73c ./leds.o
 .debug_info    0x000009bd      0x193 ./main.o
 .debug_info    0x00000b50      0x8d0 ./timer.o
 .debug_info    0x00001420      0x821 /home/xvilajosana/Storage/Development/wsndev/workspaces/workspace_lpc1769/FreeRTOS_Library/Debug/libFreeRTOS_Library.a(queue.o)
 .debug_info    0x00001c41      0xdbb /home/xvilajosana/Storage/Development/wsndev/workspaces/workspace_lpc1769/FreeRTOS_Library/Debug/libFreeRTOS_Library.a(tasks.o)
 .debug_info    0x000029fc      0x2de /home/xvilajosana/Storage/Development/wsndev/workspaces/workspace_lpc1769/FreeRTOS_Library/Debug/libFreeRTOS_Library.a(heap_2.o)
 .debug_info    0x00002cda      0x250 /home/xvilajosana/Storage/Development/wsndev/workspaces/workspace_lpc1769/FreeRTOS_Library/Debug/libFreeRTOS_Library.a(port.o)
 .debug_info    0x00002f2a      0x2d0 /home/xvilajosana/Storage/Development/wsndev/workspaces/workspace_lpc1769/FreeRTOS_Library/Debug/libFreeRTOS_Library.a(list.o)
 .debug_info    0x000031fa      0x38f /home/xvilajosana/Storage/Development/wsndev/workspaces/workspace_lpc1769/CMSISv2p00_LPC17xx/Debug/libCMSISv2p00_LPC17xx.a(system_LPC17xx.o)

.debug_line     0x00000000     0x3e3e
 .debug_line    0x00000000       0x62 ./board.o
 .debug_line    0x00000062      0x4f7 ./cr_startup_lpc17.o
 .debug_line    0x00000559      0x57b ./leds.o
 .debug_line    0x00000ad4      0x675 ./main.o
 .debug_line    0x00001149      0x585 ./timer.o
 .debug_line    0x000016ce      0x765 /home/xvilajosana/Storage/Development/wsndev/workspaces/workspace_lpc1769/FreeRTOS_Library/Debug/libFreeRTOS_Library.a(queue.o)
 .debug_line    0x00001e33      0x8f2 /home/xvilajosana/Storage/Development/wsndev/workspaces/workspace_lpc1769/FreeRTOS_Library/Debug/libFreeRTOS_Library.a(tasks.o)
 .debug_line    0x00002725      0x678 /home/xvilajosana/Storage/Development/wsndev/workspaces/workspace_lpc1769/FreeRTOS_Library/Debug/libFreeRTOS_Library.a(heap_2.o)
 .debug_line    0x00002d9d      0x632 /home/xvilajosana/Storage/Development/wsndev/workspaces/workspace_lpc1769/FreeRTOS_Library/Debug/libFreeRTOS_Library.a(port.o)
 .debug_line    0x000033cf      0x633 /home/xvilajosana/Storage/Development/wsndev/workspaces/workspace_lpc1769/FreeRTOS_Library/Debug/libFreeRTOS_Library.a(list.o)
 .debug_line    0x00003a02      0x43c /home/xvilajosana/Storage/Development/wsndev/workspaces/workspace_lpc1769/CMSISv2p00_LPC17xx/Debug/libCMSISv2p00_LPC17xx.a(system_LPC17xx.o)

.debug_macinfo  0x00000000    0x52ea6
 .debug_macinfo
                0x00000000     0x16ae ./board.o
 .debug_macinfo
                0x000016ae     0x3114 ./cr_startup_lpc17.o
 .debug_macinfo
                0x000047c2     0x7650 ./leds.o
 .debug_macinfo
                0x0000be12     0x98e1 ./main.o
 .debug_macinfo
                0x000156f3     0x76f0 ./timer.o
 .debug_macinfo
                0x0001cde3     0x99d0 /home/xvilajosana/Storage/Development/wsndev/workspaces/workspace_lpc1769/FreeRTOS_Library/Debug/libFreeRTOS_Library.a(queue.o)
 .debug_macinfo
                0x000267b3     0x987f /home/xvilajosana/Storage/Development/wsndev/workspaces/workspace_lpc1769/FreeRTOS_Library/Debug/libFreeRTOS_Library.a(tasks.o)
 .debug_macinfo
                0x00030032     0x9484 /home/xvilajosana/Storage/Development/wsndev/workspaces/workspace_lpc1769/FreeRTOS_Library/Debug/libFreeRTOS_Library.a(heap_2.o)
 .debug_macinfo
                0x000394b6     0x92ee /home/xvilajosana/Storage/Development/wsndev/workspaces/workspace_lpc1769/FreeRTOS_Library/Debug/libFreeRTOS_Library.a(port.o)
 .debug_macinfo
                0x000427a4     0x8dd7 /home/xvilajosana/Storage/Development/wsndev/workspaces/workspace_lpc1769/FreeRTOS_Library/Debug/libFreeRTOS_Library.a(list.o)
 .debug_macinfo
                0x0004b57b     0x792b /home/xvilajosana/Storage/Development/wsndev/workspaces/workspace_lpc1769/CMSISv2p00_LPC17xx/Debug/libCMSISv2p00_LPC17xx.a(system_LPC17xx.o)

.debug_loc      0x00000000     0x1c4d
 .debug_loc     0x00000000       0x58 ./board.o
 .debug_loc     0x00000058      0x1f0 ./cr_startup_lpc17.o
 .debug_loc     0x00000248      0x33c ./leds.o
 .debug_loc     0x00000584       0xd4 ./main.o
 .debug_loc     0x00000658      0x250 ./timer.o
 .debug_loc     0x000008a8      0x69f /home/xvilajosana/Storage/Development/wsndev/workspaces/workspace_lpc1769/FreeRTOS_Library/Debug/libFreeRTOS_Library.a(queue.o)
 .debug_loc     0x00000f47      0x9ff /home/xvilajosana/Storage/Development/wsndev/workspaces/workspace_lpc1769/FreeRTOS_Library/Debug/libFreeRTOS_Library.a(tasks.o)
 .debug_loc     0x00001946      0x209 /home/xvilajosana/Storage/Development/wsndev/workspaces/workspace_lpc1769/FreeRTOS_Library/Debug/libFreeRTOS_Library.a(heap_2.o)
 .debug_loc     0x00001b4f       0x89 /home/xvilajosana/Storage/Development/wsndev/workspaces/workspace_lpc1769/FreeRTOS_Library/Debug/libFreeRTOS_Library.a(port.o)
 .debug_loc     0x00001bd8       0x55 /home/xvilajosana/Storage/Development/wsndev/workspaces/workspace_lpc1769/FreeRTOS_Library/Debug/libFreeRTOS_Library.a(list.o)
 .debug_loc     0x00001c2d       0x20 /home/xvilajosana/Storage/Development/wsndev/workspaces/workspace_lpc1769/CMSISv2p00_LPC17xx/Debug/libCMSISv2p00_LPC17xx.a(system_LPC17xx.o)

.debug_pubnames
                0x00000000      0x91c
 .debug_pubnames
                0x00000000       0x31 ./board.o
 .debug_pubnames
                0x00000031       0xfd ./cr_startup_lpc17.o
 .debug_pubnames
                0x0000012e      0x122 ./leds.o
 .debug_pubnames
                0x00000250       0x1b ./main.o
 .debug_pubnames
                0x0000026b       0xac ./timer.o
 .debug_pubnames
                0x00000317      0x149 /home/xvilajosana/Storage/Development/wsndev/workspaces/workspace_lpc1769/FreeRTOS_Library/Debug/libFreeRTOS_Library.a(queue.o)
 .debug_pubnames
                0x00000460      0x28b /home/xvilajosana/Storage/Development/wsndev/workspaces/workspace_lpc1769/FreeRTOS_Library/Debug/libFreeRTOS_Library.a(tasks.o)
 .debug_pubnames
                0x000006eb       0x64 /home/xvilajosana/Storage/Development/wsndev/workspaces/workspace_lpc1769/FreeRTOS_Library/Debug/libFreeRTOS_Library.a(heap_2.o)
 .debug_pubnames
                0x0000074f      0x10d /home/xvilajosana/Storage/Development/wsndev/workspaces/workspace_lpc1769/FreeRTOS_Library/Debug/libFreeRTOS_Library.a(port.o)
 .debug_pubnames
                0x0000085c       0x71 /home/xvilajosana/Storage/Development/wsndev/workspaces/workspace_lpc1769/FreeRTOS_Library/Debug/libFreeRTOS_Library.a(list.o)
 .debug_pubnames
                0x000008cd       0x4f /home/xvilajosana/Storage/Development/wsndev/workspaces/workspace_lpc1769/CMSISv2p00_LPC17xx/Debug/libCMSISv2p00_LPC17xx.a(system_LPC17xx.o)

.debug_aranges  0x00000000      0x2b0
 .debug_aranges
                0x00000000       0x28 ./board.o
 .debug_aranges
                0x00000028       0x70 ./cr_startup_lpc17.o
 .debug_aranges
                0x00000098       0xa8 ./leds.o
 .debug_aranges
                0x00000140       0x38 ./main.o
 .debug_aranges
                0x00000178       0x70 ./timer.o
 .debug_aranges
                0x000001e8       0x20 /home/xvilajosana/Storage/Development/wsndev/workspaces/workspace_lpc1769/FreeRTOS_Library/Debug/libFreeRTOS_Library.a(queue.o)
 .debug_aranges
                0x00000208       0x20 /home/xvilajosana/Storage/Development/wsndev/workspaces/workspace_lpc1769/FreeRTOS_Library/Debug/libFreeRTOS_Library.a(tasks.o)
 .debug_aranges
                0x00000228       0x20 /home/xvilajosana/Storage/Development/wsndev/workspaces/workspace_lpc1769/FreeRTOS_Library/Debug/libFreeRTOS_Library.a(heap_2.o)
 .debug_aranges
                0x00000248       0x20 /home/xvilajosana/Storage/Development/wsndev/workspaces/workspace_lpc1769/FreeRTOS_Library/Debug/libFreeRTOS_Library.a(port.o)
 .debug_aranges
                0x00000268       0x20 /home/xvilajosana/Storage/Development/wsndev/workspaces/workspace_lpc1769/FreeRTOS_Library/Debug/libFreeRTOS_Library.a(list.o)
 .debug_aranges
                0x00000288       0x28 /home/xvilajosana/Storage/Development/wsndev/workspaces/workspace_lpc1769/CMSISv2p00_LPC17xx/Debug/libCMSISv2p00_LPC17xx.a(system_LPC17xx.o)

.debug_ranges   0x00000000      0x220
 .debug_ranges  0x00000000       0x18 ./board.o
 .debug_ranges  0x00000018       0x60 ./cr_startup_lpc17.o
 .debug_ranges  0x00000078       0x98 ./leds.o
 .debug_ranges  0x00000110       0x28 ./main.o
 .debug_ranges  0x00000138       0x60 ./timer.o
 .debug_ranges  0x00000198       0x70 /home/xvilajosana/Storage/Development/wsndev/workspaces/workspace_lpc1769/FreeRTOS_Library/Debug/libFreeRTOS_Library.a(tasks.o)
 .debug_ranges  0x00000208       0x18 /home/xvilajosana/Storage/Development/wsndev/workspaces/workspace_lpc1769/CMSISv2p00_LPC17xx/Debug/libCMSISv2p00_LPC17xx.a(system_LPC17xx.o)

.debug_str      0x00000000     0x1884
 .debug_str     0x00000000       0x94 ./board.o
 .debug_str     0x00000094      0x14b ./cr_startup_lpc17.o
                                0x1e6 (size before relaxing)
 .debug_str     0x000001df      0x38a ./leds.o
                                0x484 (size before relaxing)
 .debug_str     0x00000569       0x9c ./main.o
                                0x1b2 (size before relaxing)
 .debug_str     0x00000605      0x48f ./timer.o
                                0x5a4 (size before relaxing)
 .debug_str     0x00000a94      0x42b /home/xvilajosana/Storage/Development/wsndev/workspaces/workspace_lpc1769/FreeRTOS_Library/Debug/libFreeRTOS_Library.a(queue.o)
                                0x515 (size before relaxing)
 .debug_str     0x00000ebf      0x638 /home/xvilajosana/Storage/Development/wsndev/workspaces/workspace_lpc1769/FreeRTOS_Library/Debug/libFreeRTOS_Library.a(tasks.o)
                                0x851 (size before relaxing)
 .debug_str     0x000014f7      0x150 /home/xvilajosana/Storage/Development/wsndev/workspaces/workspace_lpc1769/FreeRTOS_Library/Debug/libFreeRTOS_Library.a(heap_2.o)
                                0x264 (size before relaxing)
 .debug_str     0x00001647      0x11a /home/xvilajosana/Storage/Development/wsndev/workspaces/workspace_lpc1769/FreeRTOS_Library/Debug/libFreeRTOS_Library.a(port.o)
                                0x273 (size before relaxing)
 .debug_str     0x00001761       0x92 /home/xvilajosana/Storage/Development/wsndev/workspaces/workspace_lpc1769/FreeRTOS_Library/Debug/libFreeRTOS_Library.a(list.o)
                                0x248 (size before relaxing)
 .debug_str     0x000017f3       0x91 /home/xvilajosana/Storage/Development/wsndev/workspaces/workspace_lpc1769/CMSISv2p00_LPC17xx/Debug/libCMSISv2p00_LPC17xx.a(system_LPC17xx.o)
                                0x299 (size before relaxing)

.comment        0x00000000      0x284
 .comment       0x00000000       0x2a ./board.o
                                 0x2b (size before relaxing)
 .comment       0x00000000       0x2b ./cr_startup_lpc17.o
 .comment       0x00000000       0x2b ./leds.o
 .comment       0x00000000       0x2b ./main.o
 .comment       0x00000000       0x2b ./timer.o
 .comment       0x00000000       0x2b /home/xvilajosana/Storage/Development/wsndev/workspaces/workspace_lpc1769/FreeRTOS_Library/Debug/libFreeRTOS_Library.a(queue.o)
 .comment       0x00000000       0x2b /home/xvilajosana/Storage/Development/wsndev/workspaces/workspace_lpc1769/FreeRTOS_Library/Debug/libFreeRTOS_Library.a(tasks.o)
 .comment       0x00000000       0x2b /home/xvilajosana/Storage/Development/wsndev/workspaces/workspace_lpc1769/FreeRTOS_Library/Debug/libFreeRTOS_Library.a(heap_2.o)
 .comment       0x00000000       0x2b /home/xvilajosana/Storage/Development/wsndev/workspaces/workspace_lpc1769/FreeRTOS_Library/Debug/libFreeRTOS_Library.a(port.o)
 .comment       0x00000000       0x2b /home/xvilajosana/Storage/Development/wsndev/workspaces/workspace_lpc1769/FreeRTOS_Library/Debug/libFreeRTOS_Library.a(list.o)
 .comment       0x00000000       0x2b /home/xvilajosana/Storage/Development/wsndev/workspaces/workspace_lpc1769/CMSISv2p00_LPC17xx/Debug/libCMSISv2p00_LPC17xx.a(system_LPC17xx.o)
 .comment       0x0000002a       0x2b /home/xvilajosana/Storage/Development/wsndev/LPCXpresso/lpcxpresso/tools/bin/../lib/gcc/arm-none-eabi/4.5.1/../../../../arm-none-eabi/lib/thumb2/libcr_nohost.a(_cr__main.o)
 .comment       0x00000000       0x2b /home/xvilajosana/Storage/Development/wsndev/LPCXpresso/lpcxpresso/tools/bin/../lib/gcc/arm-none-eabi/4.5.1/../../../../arm-none-eabi/lib/thumb2/libcr_c.a(initio.o)
 .comment       0x00000000       0x2b /home/xvilajosana/Storage/Development/wsndev/LPCXpresso/lpcxpresso/tools/bin/../lib/gcc/arm-none-eabi/4.5.1/../../../../arm-none-eabi/lib/thumb2/libcr_c.a(setvbuf.o)
 .comment       0x00000000       0x2b /home/xvilajosana/Storage/Development/wsndev/LPCXpresso/lpcxpresso/tools/bin/../lib/gcc/arm-none-eabi/4.5.1/../../../../arm-none-eabi/lib/thumb2/libcr_c.a(stdio.o)
 .comment       0x00000000       0x2b /home/xvilajosana/Storage/Development/wsndev/LPCXpresso/lpcxpresso/tools/bin/../lib/gcc/arm-none-eabi/4.5.1/../../../../arm-none-eabi/lib/thumb2/libcr_c.a(strncpy.o)
 .comment       0x00000000       0x2b /home/xvilajosana/Storage/Development/wsndev/LPCXpresso/lpcxpresso/tools/bin/../lib/gcc/arm-none-eabi/4.5.1/../../../../arm-none-eabi/lib/thumb2/libcr_c.a(memcpy.o)
 .comment       0x00000000       0x2b /home/xvilajosana/Storage/Development/wsndev/LPCXpresso/lpcxpresso/tools/bin/../lib/gcc/arm-none-eabi/4.5.1/../../../../arm-none-eabi/lib/thumb2/libcr_c.a(memset.o)
 .comment       0x00000000       0x2b /home/xvilajosana/Storage/Development/wsndev/LPCXpresso/lpcxpresso/tools/bin/../lib/gcc/arm-none-eabi/4.5.1/../../../../arm-none-eabi/lib/thumb2/libcr_c.a(__fillbuf.o)
 .comment       0x00000000       0x2b /home/xvilajosana/Storage/Development/wsndev/LPCXpresso/lpcxpresso/tools/bin/../lib/gcc/arm-none-eabi/4.5.1/../../../../arm-none-eabi/lib/thumb2/libcr_c.a(_deferredlazyseek.o)
 .comment       0x00000000       0x2b /home/xvilajosana/Storage/Development/wsndev/LPCXpresso/lpcxpresso/tools/bin/../lib/gcc/arm-none-eabi/4.5.1/../../../../arm-none-eabi/lib/thumb2/libcr_c.a(_fdopen.o)
 .comment       0x00000000       0x2b /home/xvilajosana/Storage/Development/wsndev/LPCXpresso/lpcxpresso/tools/bin/../lib/gcc/arm-none-eabi/4.5.1/../../../../arm-none-eabi/lib/thumb2/libcr_c.a(_fflush.o)
 .comment       0x00000000       0x2b /home/xvilajosana/Storage/Development/wsndev/LPCXpresso/lpcxpresso/tools/bin/../lib/gcc/arm-none-eabi/4.5.1/../../../../arm-none-eabi/lib/thumb2/libcr_c.a(_writebuf.o)
 .comment       0x00000000       0x2b /home/xvilajosana/Storage/Development/wsndev/LPCXpresso/lpcxpresso/tools/bin/../lib/gcc/arm-none-eabi/4.5.1/../../../../arm-none-eabi/lib/thumb2/libcr_c.a(alloc.o)
 .comment       0x00000000       0x2b /home/xvilajosana/Storage/Development/wsndev/LPCXpresso/lpcxpresso/tools/bin/../lib/gcc/arm-none-eabi/4.5.1/../../../../arm-none-eabi/lib/thumb2/libcr_c.a(fclose.o)
 .comment       0x00000000       0x2b /home/xvilajosana/Storage/Development/wsndev/LPCXpresso/lpcxpresso/tools/bin/../lib/gcc/arm-none-eabi/4.5.1/../../../../arm-none-eabi/lib/thumb2/libcr_c.a(fflush.o)
 .comment       0x00000000       0x2b /home/xvilajosana/Storage/Development/wsndev/LPCXpresso/lpcxpresso/tools/bin/../lib/gcc/arm-none-eabi/4.5.1/../../../../arm-none-eabi/lib/thumb2/libcr_c.a(fseek.o)
 .comment       0x00000000       0x2b /home/xvilajosana/Storage/Development/wsndev/LPCXpresso/lpcxpresso/tools/bin/../lib/gcc/arm-none-eabi/4.5.1/../../../../arm-none-eabi/lib/thumb2/libcr_c.a(ftell.o)
 .comment       0x00000000       0x2b /home/xvilajosana/Storage/Development/wsndev/LPCXpresso/lpcxpresso/tools/bin/../lib/gcc/arm-none-eabi/4.5.1/../../../../arm-none-eabi/lib/thumb2/libcr_c.a(remove.o)
 .comment       0x00000000       0x2b /home/xvilajosana/Storage/Development/wsndev/LPCXpresso/lpcxpresso/tools/bin/../lib/gcc/arm-none-eabi/4.5.1/../../../../arm-none-eabi/lib/thumb2/libcr_c.a(strlen.o)
 .comment       0x00000000       0x2b /home/xvilajosana/Storage/Development/wsndev/LPCXpresso/lpcxpresso/tools/bin/../lib/gcc/arm-none-eabi/4.5.1/../../../../arm-none-eabi/lib/thumb2/libcr_c.a(__init_alloc.o)
 .comment       0x00000000       0x2b /home/xvilajosana/Storage/Development/wsndev/LPCXpresso/lpcxpresso/tools/bin/../lib/gcc/arm-none-eabi/4.5.1/../../../../arm-none-eabi/lib/thumb2/libcr_c.a(_do_fflush.o)
 .comment       0x00000000       0x2b /home/xvilajosana/Storage/Development/wsndev/LPCXpresso/lpcxpresso/tools/bin/../lib/gcc/arm-none-eabi/4.5.1/../../../../arm-none-eabi/lib/thumb2/libcr_c.a(errno.o)
 .comment       0x00000055       0x2b /home/xvilajosana/Storage/Development/wsndev/LPCXpresso/lpcxpresso/tools/bin/../lib/gcc/arm-none-eabi/4.5.1/../../../../arm-none-eabi/lib/thumb2/libcr_nohost.a(__sys_appexit.o)
 .comment       0x00000080       0x2b /home/xvilajosana/Storage/Development/wsndev/LPCXpresso/lpcxpresso/tools/bin/../lib/gcc/arm-none-eabi/4.5.1/../../../../arm-none-eabi/lib/thumb2/libcr_nohost.a(__sys_close.o)
 .comment       0x000000ab       0x2b /home/xvilajosana/Storage/Development/wsndev/LPCXpresso/lpcxpresso/tools/bin/../lib/gcc/arm-none-eabi/4.5.1/../../../../arm-none-eabi/lib/thumb2/libcr_nohost.a(__sys_flen.o)
 .comment       0x000000d6       0x2b /home/xvilajosana/Storage/Development/wsndev/LPCXpresso/lpcxpresso/tools/bin/../lib/gcc/arm-none-eabi/4.5.1/../../../../arm-none-eabi/lib/thumb2/libcr_nohost.a(__sys_istty.o)
 .comment       0x00000101       0x2b /home/xvilajosana/Storage/Development/wsndev/LPCXpresso/lpcxpresso/tools/bin/../lib/gcc/arm-none-eabi/4.5.1/../../../../arm-none-eabi/lib/thumb2/libcr_nohost.a(__sys_read.o)
 .comment       0x0000012c       0x2b /home/xvilajosana/Storage/Development/wsndev/LPCXpresso/lpcxpresso/tools/bin/../lib/gcc/arm-none-eabi/4.5.1/../../../../arm-none-eabi/lib/thumb2/libcr_nohost.a(__sys_readc.o)
 .comment       0x00000157       0x2b /home/xvilajosana/Storage/Development/wsndev/LPCXpresso/lpcxpresso/tools/bin/../lib/gcc/arm-none-eabi/4.5.1/../../../../arm-none-eabi/lib/thumb2/libcr_nohost.a(__sys_remove.o)
 .comment       0x00000182       0x2b /home/xvilajosana/Storage/Development/wsndev/LPCXpresso/lpcxpresso/tools/bin/../lib/gcc/arm-none-eabi/4.5.1/../../../../arm-none-eabi/lib/thumb2/libcr_nohost.a(__sys_rename.o)
 .comment       0x000001ad       0x2b /home/xvilajosana/Storage/Development/wsndev/LPCXpresso/lpcxpresso/tools/bin/../lib/gcc/arm-none-eabi/4.5.1/../../../../arm-none-eabi/lib/thumb2/libcr_nohost.a(__sys_seek.o)
 .comment       0x000001d8       0x2b /home/xvilajosana/Storage/Development/wsndev/LPCXpresso/lpcxpresso/tools/bin/../lib/gcc/arm-none-eabi/4.5.1/../../../../arm-none-eabi/lib/thumb2/libcr_nohost.a(__sys_tmpnam.o)
 .comment       0x00000203       0x2b /home/xvilajosana/Storage/Development/wsndev/LPCXpresso/lpcxpresso/tools/bin/../lib/gcc/arm-none-eabi/4.5.1/../../../../arm-none-eabi/lib/thumb2/libcr_nohost.a(__sys_write.o)
 .comment       0x0000022e       0x2b /home/xvilajosana/Storage/Development/wsndev/LPCXpresso/lpcxpresso/tools/bin/../lib/gcc/arm-none-eabi/4.5.1/../../../../arm-none-eabi/lib/thumb2/libcr_nohost.a(_cr_sbrk.o)
 .comment       0x00000259       0x2b /home/xvilajosana/Storage/Development/wsndev/LPCXpresso/lpcxpresso/tools/bin/../lib/gcc/arm-none-eabi/4.5.1/../../../../arm-none-eabi/lib/thumb2/libcr_nohost.a(_cr_check_heap.o)

.ARM.attributes
                0x00000000       0x2f
 .ARM.attributes
                0x00000000       0x31 ./board.o
 .ARM.attributes
                0x00000031       0x31 ./cr_startup_lpc17.o
 .ARM.attributes
                0x00000062       0x31 ./leds.o
 .ARM.attributes
                0x00000093       0x31 ./main.o
 .ARM.attributes
                0x000000c4       0x31 ./timer.o
 .ARM.attributes
                0x000000f5       0x31 /home/xvilajosana/Storage/Development/wsndev/workspaces/workspace_lpc1769/FreeRTOS_Library/Debug/libFreeRTOS_Library.a(queue.o)
 .ARM.attributes
                0x00000126       0x31 /home/xvilajosana/Storage/Development/wsndev/workspaces/workspace_lpc1769/FreeRTOS_Library/Debug/libFreeRTOS_Library.a(tasks.o)
 .ARM.attributes
                0x00000157       0x31 /home/xvilajosana/Storage/Development/wsndev/workspaces/workspace_lpc1769/FreeRTOS_Library/Debug/libFreeRTOS_Library.a(heap_2.o)
 .ARM.attributes
                0x00000188       0x31 /home/xvilajosana/Storage/Development/wsndev/workspaces/workspace_lpc1769/FreeRTOS_Library/Debug/libFreeRTOS_Library.a(port.o)
 .ARM.attributes
                0x000001b9       0x31 /home/xvilajosana/Storage/Development/wsndev/workspaces/workspace_lpc1769/FreeRTOS_Library/Debug/libFreeRTOS_Library.a(list.o)
 .ARM.attributes
                0x000001ea       0x31 /home/xvilajosana/Storage/Development/wsndev/workspaces/workspace_lpc1769/CMSISv2p00_LPC17xx/Debug/libCMSISv2p00_LPC17xx.a(system_LPC17xx.o)
 .ARM.attributes
                0x0000021b       0x31 /home/xvilajosana/Storage/Development/wsndev/LPCXpresso/lpcxpresso/tools/bin/../lib/gcc/arm-none-eabi/4.5.1/../../../../arm-none-eabi/lib/thumb2/libcr_nohost.a(_cr__main.o)
 .ARM.attributes
                0x0000024c       0x31 /home/xvilajosana/Storage/Development/wsndev/LPCXpresso/lpcxpresso/tools/bin/../lib/gcc/arm-none-eabi/4.5.1/../../../../arm-none-eabi/lib/thumb2/libcr_c.a(initio.o)
 .ARM.attributes
                0x0000027d       0x31 /home/xvilajosana/Storage/Development/wsndev/LPCXpresso/lpcxpresso/tools/bin/../lib/gcc/arm-none-eabi/4.5.1/../../../../arm-none-eabi/lib/thumb2/libcr_c.a(setvbuf.o)
 .ARM.attributes
                0x000002ae       0x31 /home/xvilajosana/Storage/Development/wsndev/LPCXpresso/lpcxpresso/tools/bin/../lib/gcc/arm-none-eabi/4.5.1/../../../../arm-none-eabi/lib/thumb2/libcr_c.a(stdio.o)
 .ARM.attributes
                0x000002df       0x31 /home/xvilajosana/Storage/Development/wsndev/LPCXpresso/lpcxpresso/tools/bin/../lib/gcc/arm-none-eabi/4.5.1/../../../../arm-none-eabi/lib/thumb2/libcr_c.a(strncpy.o)
 .ARM.attributes
                0x00000310       0x31 /home/xvilajosana/Storage/Development/wsndev/LPCXpresso/lpcxpresso/tools/bin/../lib/gcc/arm-none-eabi/4.5.1/../../../../arm-none-eabi/lib/thumb2/libcr_c.a(memcpy.o)
 .ARM.attributes
                0x00000341       0x31 /home/xvilajosana/Storage/Development/wsndev/LPCXpresso/lpcxpresso/tools/bin/../lib/gcc/arm-none-eabi/4.5.1/../../../../arm-none-eabi/lib/thumb2/libcr_c.a(memset.o)
 .ARM.attributes
                0x00000372       0x31 /home/xvilajosana/Storage/Development/wsndev/LPCXpresso/lpcxpresso/tools/bin/../lib/gcc/arm-none-eabi/4.5.1/../../../../arm-none-eabi/lib/thumb2/libcr_c.a(__fillbuf.o)
 .ARM.attributes
                0x000003a3       0x31 /home/xvilajosana/Storage/Development/wsndev/LPCXpresso/lpcxpresso/tools/bin/../lib/gcc/arm-none-eabi/4.5.1/../../../../arm-none-eabi/lib/thumb2/libcr_c.a(_deferredlazyseek.o)
 .ARM.attributes
                0x000003d4       0x31 /home/xvilajosana/Storage/Development/wsndev/LPCXpresso/lpcxpresso/tools/bin/../lib/gcc/arm-none-eabi/4.5.1/../../../../arm-none-eabi/lib/thumb2/libcr_c.a(_fdopen.o)
 .ARM.attributes
                0x00000405       0x31 /home/xvilajosana/Storage/Development/wsndev/LPCXpresso/lpcxpresso/tools/bin/../lib/gcc/arm-none-eabi/4.5.1/../../../../arm-none-eabi/lib/thumb2/libcr_c.a(_fflush.o)
 .ARM.attributes
                0x00000436       0x31 /home/xvilajosana/Storage/Development/wsndev/LPCXpresso/lpcxpresso/tools/bin/../lib/gcc/arm-none-eabi/4.5.1/../../../../arm-none-eabi/lib/thumb2/libcr_c.a(_writebuf.o)
 .ARM.attributes
                0x00000467       0x31 /home/xvilajosana/Storage/Development/wsndev/LPCXpresso/lpcxpresso/tools/bin/../lib/gcc/arm-none-eabi/4.5.1/../../../../arm-none-eabi/lib/thumb2/libcr_c.a(alloc.o)
 .ARM.attributes
                0x00000498       0x31 /home/xvilajosana/Storage/Development/wsndev/LPCXpresso/lpcxpresso/tools/bin/../lib/gcc/arm-none-eabi/4.5.1/../../../../arm-none-eabi/lib/thumb2/libcr_c.a(fclose.o)
 .ARM.attributes
                0x000004c9       0x31 /home/xvilajosana/Storage/Development/wsndev/LPCXpresso/lpcxpresso/tools/bin/../lib/gcc/arm-none-eabi/4.5.1/../../../../arm-none-eabi/lib/thumb2/libcr_c.a(fflush.o)
 .ARM.attributes
                0x000004fa       0x31 /home/xvilajosana/Storage/Development/wsndev/LPCXpresso/lpcxpresso/tools/bin/../lib/gcc/arm-none-eabi/4.5.1/../../../../arm-none-eabi/lib/thumb2/libcr_c.a(fseek.o)
 .ARM.attributes
                0x0000052b       0x31 /home/xvilajosana/Storage/Development/wsndev/LPCXpresso/lpcxpresso/tools/bin/../lib/gcc/arm-none-eabi/4.5.1/../../../../arm-none-eabi/lib/thumb2/libcr_c.a(ftell.o)
 .ARM.attributes
                0x0000055c       0x31 /home/xvilajosana/Storage/Development/wsndev/LPCXpresso/lpcxpresso/tools/bin/../lib/gcc/arm-none-eabi/4.5.1/../../../../arm-none-eabi/lib/thumb2/libcr_c.a(remove.o)
 .ARM.attributes
                0x0000058d       0x31 /home/xvilajosana/Storage/Development/wsndev/LPCXpresso/lpcxpresso/tools/bin/../lib/gcc/arm-none-eabi/4.5.1/../../../../arm-none-eabi/lib/thumb2/libcr_c.a(strlen.o)
 .ARM.attributes
                0x000005be       0x31 /home/xvilajosana/Storage/Development/wsndev/LPCXpresso/lpcxpresso/tools/bin/../lib/gcc/arm-none-eabi/4.5.1/../../../../arm-none-eabi/lib/thumb2/libcr_c.a(__init_alloc.o)
 .ARM.attributes
                0x000005ef       0x31 /home/xvilajosana/Storage/Development/wsndev/LPCXpresso/lpcxpresso/tools/bin/../lib/gcc/arm-none-eabi/4.5.1/../../../../arm-none-eabi/lib/thumb2/libcr_c.a(_do_fflush.o)
 .ARM.attributes
                0x00000620       0x31 /home/xvilajosana/Storage/Development/wsndev/LPCXpresso/lpcxpresso/tools/bin/../lib/gcc/arm-none-eabi/4.5.1/../../../../arm-none-eabi/lib/thumb2/libcr_c.a(errno.o)
 .ARM.attributes
                0x00000651       0x21 /home/xvilajosana/Storage/Development/wsndev/LPCXpresso/lpcxpresso/tools/bin/../lib/gcc/arm-none-eabi/4.5.1/thumb2/libcr_eabihelpers.a(division.o)
 .ARM.attributes
                0x00000672       0x21 /home/xvilajosana/Storage/Development/wsndev/LPCXpresso/lpcxpresso/tools/bin/../lib/gcc/arm-none-eabi/4.5.1/thumb2/libcr_eabihelpers.a(memcpy.o)
 .ARM.attributes
                0x00000693       0x31 /home/xvilajosana/Storage/Development/wsndev/LPCXpresso/lpcxpresso/tools/bin/../lib/gcc/arm-none-eabi/4.5.1/../../../../arm-none-eabi/lib/thumb2/libcr_nohost.a(__sys_appexit.o)
 .ARM.attributes
                0x000006c4       0x31 /home/xvilajosana/Storage/Development/wsndev/LPCXpresso/lpcxpresso/tools/bin/../lib/gcc/arm-none-eabi/4.5.1/../../../../arm-none-eabi/lib/thumb2/libcr_nohost.a(__sys_close.o)
 .ARM.attributes
                0x000006f5       0x31 /home/xvilajosana/Storage/Development/wsndev/LPCXpresso/lpcxpresso/tools/bin/../lib/gcc/arm-none-eabi/4.5.1/../../../../arm-none-eabi/lib/thumb2/libcr_nohost.a(__sys_flen.o)
 .ARM.attributes
                0x00000726       0x31 /home/xvilajosana/Storage/Development/wsndev/LPCXpresso/lpcxpresso/tools/bin/../lib/gcc/arm-none-eabi/4.5.1/../../../../arm-none-eabi/lib/thumb2/libcr_nohost.a(__sys_istty.o)
 .ARM.attributes
                0x00000757       0x31 /home/xvilajosana/Storage/Development/wsndev/LPCXpresso/lpcxpresso/tools/bin/../lib/gcc/arm-none-eabi/4.5.1/../../../../arm-none-eabi/lib/thumb2/libcr_nohost.a(__sys_read.o)
 .ARM.attributes
                0x00000788       0x31 /home/xvilajosana/Storage/Development/wsndev/LPCXpresso/lpcxpresso/tools/bin/../lib/gcc/arm-none-eabi/4.5.1/../../../../arm-none-eabi/lib/thumb2/libcr_nohost.a(__sys_readc.o)
 .ARM.attributes
                0x000007b9       0x31 /home/xvilajosana/Storage/Development/wsndev/LPCXpresso/lpcxpresso/tools/bin/../lib/gcc/arm-none-eabi/4.5.1/../../../../arm-none-eabi/lib/thumb2/libcr_nohost.a(__sys_remove.o)
 .ARM.attributes
                0x000007ea       0x31 /home/xvilajosana/Storage/Development/wsndev/LPCXpresso/lpcxpresso/tools/bin/../lib/gcc/arm-none-eabi/4.5.1/../../../../arm-none-eabi/lib/thumb2/libcr_nohost.a(__sys_rename.o)
 .ARM.attributes
                0x0000081b       0x31 /home/xvilajosana/Storage/Development/wsndev/LPCXpresso/lpcxpresso/tools/bin/../lib/gcc/arm-none-eabi/4.5.1/../../../../arm-none-eabi/lib/thumb2/libcr_nohost.a(__sys_seek.o)
 .ARM.attributes
                0x0000084c       0x31 /home/xvilajosana/Storage/Development/wsndev/LPCXpresso/lpcxpresso/tools/bin/../lib/gcc/arm-none-eabi/4.5.1/../../../../arm-none-eabi/lib/thumb2/libcr_nohost.a(__sys_tmpnam.o)
 .ARM.attributes
                0x0000087d       0x31 /home/xvilajosana/Storage/Development/wsndev/LPCXpresso/lpcxpresso/tools/bin/../lib/gcc/arm-none-eabi/4.5.1/../../../../arm-none-eabi/lib/thumb2/libcr_nohost.a(__sys_write.o)
 .ARM.attributes
                0x000008ae       0x31 /home/xvilajosana/Storage/Development/wsndev/LPCXpresso/lpcxpresso/tools/bin/../lib/gcc/arm-none-eabi/4.5.1/../../../../arm-none-eabi/lib/thumb2/libcr_nohost.a(_cr_sbrk.o)
 .ARM.attributes
                0x000008df       0x31 /home/xvilajosana/Storage/Development/wsndev/LPCXpresso/lpcxpresso/tools/bin/../lib/gcc/arm-none-eabi/4.5.1/../../../../arm-none-eabi/lib/thumb2/libcr_nohost.a(_cr_check_heap.o)

.debug_frame    0x00000000      0xb88
 .debug_frame   0x00000000       0x44 ./board.o
 .debug_frame   0x00000044      0x120 ./cr_startup_lpc17.o
 .debug_frame   0x00000164      0x204 ./leds.o
 .debug_frame   0x00000368       0x8c ./main.o
 .debug_frame   0x000003f4      0x150 ./timer.o
 .debug_frame   0x00000544      0x19c /home/xvilajosana/Storage/Development/wsndev/workspaces/workspace_lpc1769/FreeRTOS_Library/Debug/libFreeRTOS_Library.a(queue.o)
 .debug_frame   0x000006e0      0x2d4 /home/xvilajosana/Storage/Development/wsndev/workspaces/workspace_lpc1769/FreeRTOS_Library/Debug/libFreeRTOS_Library.a(tasks.o)
 .debug_frame   0x000009b4       0x68 /home/xvilajosana/Storage/Development/wsndev/workspaces/workspace_lpc1769/FreeRTOS_Library/Debug/libFreeRTOS_Library.a(heap_2.o)
 .debug_frame   0x00000a1c       0xc8 /home/xvilajosana/Storage/Development/wsndev/workspaces/workspace_lpc1769/FreeRTOS_Library/Debug/libFreeRTOS_Library.a(port.o)
 .debug_frame   0x00000ae4       0x68 /home/xvilajosana/Storage/Development/wsndev/workspaces/workspace_lpc1769/FreeRTOS_Library/Debug/libFreeRTOS_Library.a(list.o)
 .debug_frame   0x00000b4c       0x3c /home/xvilajosana/Storage/Development/wsndev/workspaces/workspace_lpc1769/CMSISv2p00_LPC17xx/Debug/libCMSISv2p00_LPC17xx.a(system_LPC17xx.o)

.debug_pubtypes
                0x00000000      0x4b1
 .debug_pubtypes
                0x00000000       0x12 ./cr_startup_lpc17.o
 .debug_pubtypes
                0x00000012       0x70 ./leds.o
 .debug_pubtypes
                0x00000082       0x4c ./main.o
 .debug_pubtypes
                0x000000ce       0x83 ./timer.o
 .debug_pubtypes
                0x00000151       0xe0 /home/xvilajosana/Storage/Development/wsndev/workspaces/workspace_lpc1769/FreeRTOS_Library/Debug/libFreeRTOS_Library.a(queue.o)
 .debug_pubtypes
                0x00000231      0x118 /home/xvilajosana/Storage/Development/wsndev/workspaces/workspace_lpc1769/FreeRTOS_Library/Debug/libFreeRTOS_Library.a(tasks.o)
 .debug_pubtypes
                0x00000349       0x58 /home/xvilajosana/Storage/Development/wsndev/workspaces/workspace_lpc1769/FreeRTOS_Library/Debug/libFreeRTOS_Library.a(heap_2.o)
 .debug_pubtypes
                0x000003a1       0x4c /home/xvilajosana/Storage/Development/wsndev/workspaces/workspace_lpc1769/FreeRTOS_Library/Debug/libFreeRTOS_Library.a(port.o)
 .debug_pubtypes
                0x000003ed       0x86 /home/xvilajosana/Storage/Development/wsndev/workspaces/workspace_lpc1769/FreeRTOS_Library/Debug/libFreeRTOS_Library.a(list.o)
 .debug_pubtypes
                0x00000473       0x3e /home/xvilajosana/Storage/Development/wsndev/workspaces/workspace_lpc1769/CMSISv2p00_LPC17xx/Debug/libCMSISv2p00_LPC17xx.a(system_LPC17xx.o)
